C:/TouchGFXProjects/multipage_app/Core/Src/main.c:122:5:main	5
C:/TouchGFXProjects/multipage_app/Core/Src/main.c:232:6:SystemClock_Config	4
C:/TouchGFXProjects/multipage_app/Core/Src/main.c:294:13:MX_CRC_Init	2
C:/TouchGFXProjects/multipage_app/Core/Src/main.c:325:13:MX_DMA2D_Init	3
C:/TouchGFXProjects/multipage_app/Core/Src/main.c:365:13:MX_I2C4_Init	4
C:/TouchGFXProjects/multipage_app/Core/Src/main.c:413:13:MX_JPEG_Init	2
C:/TouchGFXProjects/multipage_app/Core/Src/main.c:439:13:MX_LTDC_Init	3
C:/TouchGFXProjects/multipage_app/Core/Src/main.c:501:13:MX_OCTOSPI1_Init	4
C:/TouchGFXProjects/multipage_app/Core/Src/main.c:554:13:MX_MDMA_Init	1
C:/TouchGFXProjects/multipage_app/Core/Src/main.c:569:13:MX_FMC_Init	2
C:/TouchGFXProjects/multipage_app/Core/Src/main.c:620:13:MX_GPIO_Init	1
C:/TouchGFXProjects/multipage_app/Core/Src/main.c:705:13:SDRAM_Initialization_Sequence	1
C:/TouchGFXProjects/multipage_app/Core/Src/main.c:769:6:StartDefaultTask	1
C:/TouchGFXProjects/multipage_app/Core/Src/main.c:783:6:MPU_Config	1
C:/TouchGFXProjects/multipage_app/Core/Src/main.c:843:6:HAL_TIM_PeriodElapsedCallback	2
C:/TouchGFXProjects/multipage_app/Core/Src/main.c:861:6:Error_Handler	1
