C:/TouchGFXProjects/multipage_app/Core/Src/stm32h7xx_hal_msp.c:67:6:HAL_MspInit	16	static
C:/TouchGFXProjects/multipage_app/Core/Src/stm32h7xx_hal_msp.c:91:6:HAL_CRC_MspInit	24	static
C:/TouchGFXProjects/multipage_app/Core/Src/stm32h7xx_hal_msp.c:114:6:HAL_CRC_MspDeInit	16	static
C:/TouchGFXProjects/multipage_app/Core/Src/stm32h7xx_hal_msp.c:136:6:HAL_DMA2D_MspInit	24	static
C:/TouchGFXProjects/multipage_app/Core/Src/stm32h7xx_hal_msp.c:162:6:HAL_DMA2D_MspDeInit	16	static
C:/TouchGFXProjects/multipage_app/Core/Src/stm32h7xx_hal_msp.c:187:6:HAL_I2C_MspInit	240	static
C:/TouchGFXProjects/multipage_app/Core/Src/stm32h7xx_hal_msp.c:234:6:HAL_I2C_MspDeInit	16	static
C:/TouchGFXProjects/multipage_app/Core/Src/stm32h7xx_hal_msp.c:265:6:HAL_JPEG_MspInit	24	static
C:/TouchGFXProjects/multipage_app/Core/Src/stm32h7xx_hal_msp.c:349:6:HAL_JPEG_MspDeInit	16	static
C:/TouchGFXProjects/multipage_app/Core/Src/stm32h7xx_hal_msp.c:378:6:HAL_LTDC_MspInit	248	static
C:/TouchGFXProjects/multipage_app/Core/Src/stm32h7xx_hal_msp.c:482:6:HAL_LTDC_MspDeInit	16	static
C:/TouchGFXProjects/multipage_app/Core/Src/stm32h7xx_hal_msp.c:547:6:HAL_OSPI_MspInit	216	static
C:/TouchGFXProjects/multipage_app/Core/Src/stm32h7xx_hal_msp.c:593:6:HAL_OSPI_MspDeInit	16	static
C:/TouchGFXProjects/multipage_app/Core/Src/stm32h7xx_hal_msp.c:615:13:HAL_FMC_MspInit	232	static
C:/TouchGFXProjects/multipage_app/Core/Src/stm32h7xx_hal_msp.c:724:6:HAL_SDRAM_MspInit	16	static
C:/TouchGFXProjects/multipage_app/Core/Src/stm32h7xx_hal_msp.c:736:13:HAL_FMC_MspDeInit	8	static
C:/TouchGFXProjects/multipage_app/Core/Src/stm32h7xx_hal_msp.c:808:6:HAL_SDRAM_MspDeInit	16	static
